// Jest Snapshot v1, https://goo.gl/fbAQLP

exports[`Card renders children with a given color 1`] = `
<styled.article
  style={
    Object {
      "borderColor": "#333",
    }
  }
>
  CONTENT
</styled.article>
`;
